"$NATIVE_NODE" --test scripts/native-environment.test.mjs scripts/deploy-source.test.mjs scripts/deploy-native-runtime.test.mjs scripts/deploy-native-toolkit.test.mjs scripts/deploy-native.test.mjs scripts/deploy-native-safety.test.mjs
✔ starts, health-checks, and stops a real detached release process (1777.517161ms)
✔ does not stop or adopt a foreign listener on the configured port (816.824169ms)
✔ refuses to stop a foreign process even when its cwd matches the release (622.78861ms)
✔ rejects a listener that never provides both health endpoints and cleans up (692.795642ms)
✔ health-checks a listener spawned by the detached wrapper process (1272.964492ms)
✔ rejects a healthy listener when its wrapper exits before first health (1897.046509ms)
✔ stops an orphan listener after its wrapper parent exits (2314.682768ms)
✔ startup failure retains a cleanup handle and leaves the port free (669.788645ms)
✔ never stops a same-command replacement after a null startup identity (511.56364ms)
✔ build runs npm ci and npm run build with production runtime environment (16.840265ms)
✔ build failure is finite and leaves the old service untouched (8.323071ms)
✔ rejects a mismatched runtime before build or log side effects (7.359351ms)
✔ rejects a mismatched runtime before service inspection or start (4.445742ms)
✔ retains build stdout and stderr in the target build log (7.092196ms)
✔ retains failed build diagnostics and refuses symlinked log paths (16.187499ms)
✔ does not stop an active service whose PID is reused with a new start time (144.060121ms)
✔ does not stop an unexpected listener that appears during a build (92.728061ms)
✔ an unhealthy A-to-B release recovers the old service (75.679564ms)
✔ preserves the candidate release when old-service recovery fails (75.389633ms)
✔ post-publication failure recovers service and toolkit while the deployment lock is held (92.704716ms)
✔ down and rollback refuse a held deployment lock before inspecting (22.0014ms)
✔ installs the current toolkit and restores prior control files (98.763173ms)
✔ restores all files after an install failure and leaves the target sentinel (13.006555ms)
✔ installed toolkit resolves its control files from the target deployment (93.391792ms)
✔ rejects symlinked target roots without touching the outsider (6.239373ms)
✔ rejects a symlinked target parent before canonicalization (5.580122ms)
✔ rejects hard-linked toolkit destinations without touching the outside inode (31.059928ms)
▶ native deployment CLI
  ✔ parses ref and dry-run options (5.694112ms)
  ✔ dry-run reports selected source and leaves target unchanged (34.325095ms)
  ✔ rejects a runtime mismatch before source resolution or target filesystem writes (11.279631ms)
  ✔ status marks a foreign listener runtime unknown and preserves legacy metadata unknown (17.874598ms)
  ✔ build failure keeps old service and current release (107.764488ms)
  ✔ dry-run down and rollback never inspect or mutate the target (11.359596ms)
  ✔ rejects malformed and symlink runtime configuration (10.957624ms)
  ✔ refuses to stop a listener without an active release (13.075336ms)
  ✔ rejects ambient runtime overrides for mutating modes (4.493529ms)
  ✔ rejects external current and config symlinks without touching the outsider (19.966356ms)
  ✔ rejects a held deployment lock before inspecting or stopping (15.458909ms)
  ✔ rejects source and target overlap before snapshot or mutation (9.192172ms)
  ✔ rollback failure stops only its candidate handle and leaves a foreign listener alone (19.187375ms)
✔ native deployment CLI (287.009223ms)
✔ current resolves a clean branch and full commit (662.859716ms)
✔ current rejects tracked edits and untracked application files (544.608378ms)
✔ current permits excluded scratch and credential changes (495.94873ms)
✔ detached current reports no branch (596.739183ms)
✔ explicit refs resolve despite dirty worktree and identify a local branch (569.608058ms)
✔ current rejects an application filename whose bytes end in whitespace (302.209039ms)
✔ current rejects dirty edits to tracked build application source (313.481307ms)
✔ current rejects a staged rename from ignored state into application source (455.43418ms)
✔ resolveReleaseSource rejects an injected non-full commit SHA (260.01044ms)
✔ master fetches the current origin master commit (1345.518609ms)
✔ master rejects fetch failure instead of using stale origin master (381.332338ms)
✔ snapshot contains committed bytes and filters application secrets (516.402936ms)
✔ snapshot rejects committed symlinks (404.885963ms)
✔ native shell bootstrap uses the configured runtime for SQL, execPath, and quoted args (2153.28805ms)
✔ native shell bootstrap rejects a missing configured runtime without PATH fallback (1249.306302ms)
✔ accepts the pinned native runtime and reports measured values (0.597739ms)
✔ rejects a runtime mismatch synchronously (0.891995ms)
✔ rejects a profile that matches build metadata but mismatches the live SQLite engine (2.375381ms)
✔ rejects missing and malformed profiles without fallback values (2.898426ms)
✔ source profile matches the pinned Node and built-in SQLite versions (0.673714ms)
ℹ tests 60
ℹ suites 1
ℹ pass 60
ℹ fail 0
ℹ cancelled 0
ℹ skipped 0
ℹ todo 0
ℹ duration_ms 10937.995048
