node "$NATIVE_CLI" --mode=deploy --source="$DEPLOY_SOURCE" --target="$DEPLOY_ROOT" --ref="$REF" 
npm run build exited 1: (node:59240) [DEP0205] DeprecationWarning: `module.register()` is deprecated. Use `module.registerHooks()` instead.
(Use `node --trace-deprecation ...` to show where the warning was created)
failed to load config from /private/var/folders/35/254l_pjd3176pndzmz5_2l4m0000gn/T/tradereview-production-smoke-h3m9zqd7/target/app/releases/20261006T013857Z-cedd826cfa/vite.config.ts
Error: Build failed with 1 error:

[31m[UNRESOLVED_IMPORT] [0mCould not resolve './build/sites-vite-plugin' in vite.config.ts
   [38;5;246m╭[0m[38;5;246m─[0m[38;5;246m[[0m vite.config.ts:5:23 [38;5;246m][0m
   [38;5;246m│[0m
 [38;5;246m5 │[0m [38;5;249mi[0m[38;5;249mm[0m[38;5;249mp[0m[38;5;249mo[0m[38;5;249mr[0m[38;5;249mt[0m[38;5;249m [0m[38;5;249m{[0m[38;5;249m [0m[38;5;249ms[0m[38;5;249mi[0m[38;5;249mt[0m[38;5;249me[0m[38;5;249ms[0m[38;5;249m [0m[38;5;249m}[0m[38;5;249m [0m[38;5;249mf[0m[38;5;249mr[0m[38;5;249mo[0m[38;5;249mm[0m[38;5;249m [0m"./build/sites-vite-plugin"[38;5;249m;[0m
 [38;5;240m  │[0m                       ─────────────┬─────────────  
 [38;5;240m  │[0m                                    ╰─────────────── Module not found.
[38;5;246m───╯[0m

    at aggregateBindingErrorsIntoJsError (file:///private/var/folders/35/254l_pjd3176pndzmz5_2l4m0000gn/T/tradereview-production-smoke-h3m9zqd7/target/app/releases/20261006T013857Z-cedd826cfa/node_modules/rolldown/dist/shared/error-CkdMJ9ps.mjs:48:18)
    at unwrapBindingResult (file:///private/var/folders/35/254l_pjd3176pndzmz5_2l4m0000gn/T/tradereview-production-smoke-h3m9zqd7/target/app/releases/20261006T013857Z-cedd826cfa/node_modules/rolldown/dist/shared/error-CkdMJ9ps.mjs:18:128)
    at #build (file:///private/var/folders/35/254l_pjd3176pndzmz5_2l4m0000gn/T/tradereview-production-smoke-h3m9zqd7/target/app/releases/20261006T013857Z-cedd826cfa/node_modules/rolldown/dist/shared/rolldown-build-BVD3dIdE.mjs:3275:34)
    at async bundleConfigFile (file:///private/var/folders/35/254l_pjd3176pndzmz5_2l4m0000gn/T/tradereview-production-smoke-h3m9zqd7/target/app/releases/20261006T013857Z-cedd826cfa/node_modules/vite/dist/node/chunks/node.js:34842:17)
    at async bundleAndLoadConfigFile (file:///private/var/folders/35/254l_pjd3176pndzmz5_2l4m0000gn/T/tradereview-production-smoke-h3m9zqd7/target/app/releases/20261006T013857Z-cedd826cfa/node_modules/vite/dist/node/chunks/node.js:34750:18)
    at async loadConfigFromFile (file:///private/var/folders/35/254l_pjd3176pndzmz5_2l4m0000gn/T/tradereview-production-smoke-h3m9zqd7/target/app/releases/20261006T013857Z-cedd826cfa/node_modules/vite/dist/node/chunks/node.js:34719:42)
    at async resolveConfig (file:///private/var/folders/35/254l_pjd3176pndzmz5_2l4m0000gn/T/tradereview-production-smoke-h3m9zqd7/target/app/releases/20261006T013857Z-cedd826cfa/node_modules/vite/dist/node/chunks/node.js:34345:22)
    at async Module.createBuilder (file:///private/var/folders/35/254l_pjd3176pndzmz5_2l4m0000gn/T/tradereview-production-smoke-h3m9zqd7/target/app/releases/20261006T013857Z-cedd826cfa/node_modules/vite/dist/node/chunks/node.js:33530:17)
    at async buildApp (file:///private/var/folders/35/254l_pjd3176pndzmz5_2l4m0000gn/T/tradereview-production-smoke-h3m9zqd7/target/app/releases/20261006T013857Z-cedd826cfa/node_modules/vinext/dist/cli.js:225:9) {
  errors: [Getter/Setter]
}
make: *** [deploy] Error 1
