npm run dev

> trade-reviewer@0.1.0 dev
> WRANGLER_LOG_PATH=.wrangler/wrangler.log node scripts/debug-local.mjs


  vinext dev  (Vite 8.0.13)

(node:51308) [DEP0205] DeprecationWarning: `module.register()` is deprecated. Use `module.registerHooks()` instead.
(Use `node --trace-deprecation ...` to show where the warning was created)
  ➜  Local:   http://127.0.0.1:3333/
7:54:37 PM [vite] (rsc) connected.
7:54:42 PM [vite] (ssr) connected.
 GET / 200 in 11.9s (compile: 5.5s, render: 6.4s)
 GET /api/trading-room/cash/baselines?nature=live 200 in 10ms
 GET /api/trading-room/cash?nature=live&targetCurrency=CNY&today=2026-10-06 200 in 181ms
 GET /api/trading-room/fx 200 in 10ms
 GET /api/storage/bootstrap 200 in 241ms
 GET /api/storage/tradingview-account-migration/aliases 200 in 2ms
 GET /api/trading-room/cash/baselines?nature=live 200 in 5ms
 GET /api/trading-room/cash?nature=live&targetCurrency=CNY&today=2026-10-06 200 in 175ms
 GET /api/storage/tradingview-account-migration/aliases 200 in 5ms
 GET /api/storage/recall/summaries 200 in 12ms
 GET /api/trading-room/cash/baselines?nature=live 200 in 3ms
 GET /api/trading-room/cash?nature=live&targetCurrency=CNY&today=2026-10-06 200 in 203ms
 GET /api/trading-room/principal 200 in 3ms
 GET /api/trading-room/principal 200 in 7ms
 GET /api/trading-room/reference-capital 200 in 11ms
 PUT /api/storage/reviews 200 in 15ms
 GET /api/trading-room/reference-capital 200 in 3ms
 GET /api/trading-room/reference-capital 200 in 21ms
7:54:54 PM [vite] (rsc) hmr update /app/globals.css
7:54:54 PM [vite] (client) hmr update /app/globals.css?direct
 PUT /api/storage/reviews 200 in 3ms
 GET /api/instruments/resolve?market=HK&symbol=6603 200 in 10.2s
 GET /api/instruments/resolve?market=HK&symbol=100 200 in 10.5s
 GET /api/instruments/resolve?market=HK&symbol=2148 502 in 10.5s
 PUT /api/storage/instruments/metadata 200 in 7ms
 PUT /api/storage/instruments/metadata 200 in 10ms
 GET /api/storage/settings 200 in 1ms
 GET / 200 in 62ms (compile: 15ms, render: 44ms)
 GET /api/trading-room/cash/baselines?nature=live 200 in 3ms
 GET /api/trading-room/cash?nature=live&targetCurrency=CNY&today=2026-10-06 200 in 150ms
 GET /api/trading-room/fx 200 in 8ms
 GET /api/storage/bootstrap 200 in 392ms
 GET /api/storage/tradingview-account-migration/aliases 200 in 2ms
 GET /api/trading-room/cash/baselines?nature=live 200 in 2ms
 GET /api/trading-room/cash?nature=live&targetCurrency=CNY&today=2026-10-06 200 in 185ms
 GET /api/storage/tradingview-account-migration/aliases 200 in 5ms
 GET /api/storage/recall/summaries 200 in 9ms
 GET /api/trading-room/cash/baselines?nature=live 200 in 11ms
 GET /api/trading-room/cash?nature=live&targetCurrency=CNY&today=2026-10-06 200 in 163ms
 GET /api/instruments/resolve?market=HK&symbol=100 200 in 65ms
 GET /api/instruments/resolve?market=HK&symbol=6603 200 in 57ms
 GET /api/instruments/resolve?market=HK&symbol=2148 502 in 225ms
 PUT /api/storage/reviews 200 in 3ms
 GET /api/trading-room/principal 200 in 3ms
 GET /api/trading-room/principal 200 in 5ms
 GET /api/trading-room/reference-capital 200 in 2ms
 GET /api/trading-room/reference-capital 200 in 5ms
 PUT /api/storage/instruments/metadata 200 in 9ms
 PUT /api/storage/instruments/metadata 200 in 17ms
 GET /api/trading-room/reference-capital 200 in 8ms
 GET /api/instruments/resolve?market=HK&symbol=7226 200 in 55ms
 PUT /api/storage/instruments/metadata 200 in 18ms
 GET /api/instruments/resolve?market=HK&symbol=7500 200 in 89ms
 GET /api/instruments/resolve?market=HK&symbol=7552 200 in 49ms
 PUT /api/storage/instruments/metadata 200 in 3ms
 PUT /api/storage/reviews 200 in 3ms
 PUT /api/storage/instruments/metadata 200 in 5ms
 GET /api/instruments/resolve?market=US&symbol=AFRM 200 in 1.7s
 GET /api/instruments/resolve?market=US&symbol=AG 200 in 1.3s
 GET /api/instruments/resolve?market=US&symbol=ADBE 200 in 2.6s
 PUT /api/storage/instruments/metadata 200 in 25ms
 PUT /api/storage/instruments/metadata 200 in 3ms
 PUT /api/storage/instruments/metadata 200 in 4ms
 GET /api/instruments/resolve?market=US&symbol=AI 200 in 73ms
 GET /api/instruments/resolve?market=US&symbol=APLD 200 in 51ms
 PUT /api/storage/instruments/metadata 200 in 4ms
 GET /api/instruments/resolve?market=US&symbol=APP 200 in 63ms
 PUT /api/storage/instruments/metadata 200 in 7ms
 PUT /api/storage/instruments/metadata 200 in 9ms
 GET /api/storage/bootstrap 200 in 430ms
 GET /api/instruments/resolve?market=US&symbol=BE 200 in 59ms
 GET /api/instruments/resolve?market=US&symbol=CBRS 200 in 61ms
 GET /api/instruments/resolve?market=US&symbol=BTGO 200 in 62ms
 PUT /api/storage/instruments/metadata 200 in 4ms
 PUT /api/storage/instruments/metadata 200 in 8ms
 PUT /api/storage/instruments/metadata 200 in 11ms
 GET /api/instruments/resolve?market=US&symbol=CRWD 200 in 49ms
 GET /api/instruments/resolve?market=US&symbol=CELH 200 in 50ms
 GET /api/instruments/resolve?market=US&symbol=CWEB 200 in 48ms
 PUT /api/storage/instruments/metadata 200 in 3ms
 PUT /api/storage/instruments/metadata 200 in 6ms
 PUT /api/storage/instruments/metadata 200 in 9ms
 GET /api/instruments/resolve?market=US&symbol=DUST 200 in 50ms
 GET /api/instruments/resolve?market=US&symbol=EDZ 200 in 59ms
 PUT /api/storage/instruments/metadata 200 in 4ms
 PUT /api/storage/instruments/metadata 200 in 4ms
 GET /api/instruments/resolve?market=US&symbol=ELEV 429 in 1ms
 GET /api/instruments/resolve?market=US&symbol=EWY 429 in 2ms
 GET /api/instruments/resolve?market=US&symbol=FB 429 in 1ms
 GET /api/instruments/resolve?market=US&symbol=DIDIY 200 in 3.5s
 PUT /api/storage/instruments/metadata 200 in 6ms
 GET /api/storage/bootstrap 200 in 232ms
7:56:10 PM [vite] (rsc) hmr update /app/globals.css
7:56:10 PM [vite] (client) hmr update /app/globals.css?direct
7:56:11 PM [vite] (rsc) hmr update /app/globals.css
7:56:11 PM [vite] (client) hmr update /app/globals.css?direct
7:56:11 PM [vite] (rsc) hmr update /app/globals.css
7:56:11 PM [vite] (client) hmr update /app/globals.css?direct
 PUT /api/storage/reviews 200 in 255ms
7:56:20 PM [vite] (rsc) hmr update /app/globals.css
7:56:20 PM [vite] (client) hmr update /app/globals.css?direct
 GET /api/instruments/resolve?market=US&symbol=LYFT 200 in 210ms
 GET /api/instruments/resolve?market=US&symbol=GLD 200 in 223ms
 GET /api/instruments/resolve?market=US&symbol=IREN 200 in 218ms
 PUT /api/storage/instruments/metadata 200 in 5ms
 PUT /api/storage/instruments/metadata 200 in 9ms
 PUT /api/storage/instruments/metadata 200 in 9ms
 GET /api/instruments/resolve?market=US&symbol=MARA 200 in 51ms
 GET /api/instruments/resolve?market=US&symbol=MF 200 in 49ms
 GET /api/instruments/resolve?market=US&symbol=META 200 in 57ms
 PUT /api/storage/instruments/metadata 200 in 11ms
 PUT /api/storage/instruments/metadata 200 in 5ms
 PUT /api/storage/instruments/metadata 200 in 9ms
 GET /api/instruments/resolve?market=US&symbol=O 200 in 53ms
 GET /api/instruments/resolve?market=US&symbol=NUGT 200 in 55ms
 GET /api/instruments/resolve?market=US&symbol=PLTR 200 in 49ms
 PUT /api/storage/instruments/metadata 200 in 5ms
 PUT /api/storage/instruments/metadata 200 in 7ms
 PUT /api/storage/instruments/metadata 200 in 11ms
 GET /api/instruments/resolve?market=US&symbol=QLD 200 in 54ms
 GET /api/instruments/resolve?market=US&symbol=QIWI 200 in 59ms
 GET /api/instruments/resolve?market=US&symbol=QID 200 in 62ms
 PUT /api/storage/instruments/metadata 200 in 5ms
 PUT /api/storage/instruments/metadata 200 in 6ms
 PUT /api/storage/instruments/metadata 200 in 10ms
 GET /api/storage/bootstrap 200 in 275ms
 GET /api/instruments/resolve?market=US&symbol=RIVN 200 in 55ms
 GET /api/instruments/resolve?market=US&symbol=QS 200 in 58ms
 GET /api/instruments/resolve?market=US&symbol=RKLB 200 in 60ms
 PUT /api/storage/instruments/metadata 200 in 5ms
 PUT /api/storage/instruments/metadata 200 in 11ms
 PUT /api/storage/instruments/metadata 200 in 11ms
 GET /api/instruments/resolve?market=US&symbol=ROKU 200 in 48ms
 GET /api/instruments/resolve?market=US&symbol=SNAP 200 in 50ms
 PUT /api/storage/instruments/metadata 200 in 4ms
 GET /api/instruments/resolve?market=US&symbol=SQ 200 in 54ms
 PUT /api/storage/instruments/metadata 200 in 6ms
 PUT /api/storage/instruments/metadata 200 in 4ms
 GET /api/instruments/resolve?market=US&symbol=SVXY 200 in 50ms
 GET /api/instruments/resolve?market=US&symbol=UVXY 200 in 49ms
 GET /api/instruments/resolve?market=US&symbol=TQQQ 200 in 54ms
 PUT /api/storage/instruments/metadata 200 in 6ms
 PUT /api/storage/instruments/metadata 200 in 4ms
 PUT /api/storage/instruments/metadata 200 in 8ms
 GET /api/instruments/resolve?market=US&symbol=VTYX 200 in 48ms
 GET /api/instruments/resolve?market=US&symbol=VGFC 200 in 56ms
 GET /api/instruments/resolve?market=US&symbol=YNDX 200 in 52ms
 PUT /api/storage/instruments/metadata 200 in 7ms
 PUT /api/storage/instruments/metadata 200 in 5ms
 PUT /api/storage/instruments/metadata 200 in 10ms
 GET /api/storage/bootstrap 200 in 266ms
7:57:12 PM [vite] (rsc) hmr update /app/globals.css
7:57:12 PM [vite] (client) hmr update /app/globals.css?direct
 GET /api/instruments/resolve?market=US&symbol=EWY 200 in 198ms
 GET /api/instruments/resolve?market=US&symbol=ELEV 200 in 201ms
 GET /api/instruments/resolve?market=US&symbol=FB 200 in 202ms
 PUT /api/storage/instruments/metadata 200 in 6ms
 PUT /api/storage/instruments/metadata 200 in 6ms
 PUT /api/storage/instruments/metadata 200 in 9ms
 GET /api/storage/bootstrap 200 in 268ms
7:59:07 PM [vite] (rsc) hmr update /app/globals.css
7:59:07 PM [vite] (client) hmr update /app/globals.css?direct
7:59:29 PM [vite] (rsc) hmr update /app/globals.css
7:59:29 PM [vite] (client) hmr update /app/globals.css?direct
8:01:49 PM [vite] (rsc) hmr update /app/globals.css
8:01:49 PM [vite] (client) hmr update /app/globals.css?direct
8:01:49 PM [vite] (rsc) hmr update /app/globals.css
8:01:49 PM [vite] (client) hmr update /app/globals.css?direct
8:02:14 PM [vite] (rsc) hmr update /app/globals.css
8:02:14 PM [vite] (client) hmr update /app/globals.css?direct
8:02:14 PM [vite] (rsc) hmr update /app/globals.css
8:02:14 PM [vite] (client) hmr update /app/globals.css?direct
8:02:14 PM [vite] (rsc) hmr update /app/globals.css
8:02:14 PM [vite] (client) hmr update /app/globals.css?direct
8:02:14 PM [vite] (rsc) hmr update /app/globals.css
8:02:14 PM [vite] (client) hmr update /app/globals.css?direct
8:02:14 PM [vite] (rsc) hmr update /app/globals.css
8:02:14 PM [vite] (client) hmr update /app/globals.css?direct
 GET /api/storage/status 200 in 147ms
8:02:39 PM [vite] (rsc) hmr update /app/globals.css
8:02:39 PM [vite] (client) hmr update /app/globals.css?direct
8:03:17 PM [vite] (rsc) hmr update /app/globals.css
8:03:17 PM [vite] (client) hmr update /app/globals.css?direct
8:46:35 PM [vite] (rsc) hmr update /app/globals.css
8:46:35 PM [vite] (client) hmr update /app/globals.css?direct
8:49:05 PM [vite] (client) hmr update /app/globals.css?direct
8:49:05 PM [vite] (client) hmr update /app/globals.css?direct
8:53:40 PM [vite] (client) hmr update /app/globals.css?direct
8:53:40 PM [vite] (client) hmr update /app/globals.css?direct
8:55:52 PM [vite] (client) hmr update /app/globals.css?direct
8:58:14 PM [vite] (client) hmr update /app/globals.css?direct
8:59:23 PM [vite] (rsc) hmr update /app/globals.css
8:59:23 PM [vite] (client) hmr update /app/globals.css?direct
9:00:16 PM [vite] (rsc) hmr update /app/globals.css
9:00:16 PM [vite] (client) hmr update /app/globals.css?direct
9:00:24 PM [vite] (rsc) hmr update /app/globals.css
9:00:24 PM [vite] (client) hmr update /app/globals.css?direct
9:01:02 PM [vite] (rsc) hmr update /app/globals.css
9:01:02 PM [vite] (client) hmr update /app/globals.css?direct
9:01:46 PM [vite] (client) hmr update /app/globals.css?direct
9:01:55 PM [vite] (rsc) hmr update /app/globals.css
9:01:55 PM [vite] (client) hmr update /app/globals.css?direct
9:02:36 PM [vite] (rsc) hmr update /app/globals.css
9:02:36 PM [vite] (client) hmr update /app/globals.css?direct
9:03:31 PM [vite] (rsc) hmr update /app/globals.css
9:03:31 PM [vite] (client) hmr update /app/globals.css?direct
9:04:18 PM [vite] (client) hmr update /app/globals.css?direct
9:05:10 PM [vite] (rsc) hmr update /app/globals.css
9:05:10 PM [vite] (client) hmr update /app/globals.css?direct
9:06:22 PM [vite] (rsc) hmr update /app/globals.css
9:06:22 PM [vite] (client) hmr update /app/globals.css?direct
9:07:16 PM [vite] (rsc) hmr update /app/globals.css
9:07:16 PM [vite] (client) hmr update /app/globals.css?direct
9:07:22 PM [vite] (rsc) hmr update /app/globals.css
9:07:22 PM [vite] (client) hmr update /app/globals.css?direct
9:08:42 PM [vite] (rsc) hmr update /app/globals.css
9:08:42 PM [vite] (client) hmr update /app/globals.css?direct
9:09:16 PM [vite] (rsc) hmr update /app/globals.css
9:09:16 PM [vite] (client) hmr update /app/globals.css?direct
9:09:36 PM [vite] (client) hmr update /app/globals.css?direct
9:09:36 PM [vite] (client) hmr update /app/globals.css?direct
9:09:53 PM [vite] (rsc) hmr update /app/globals.css
9:09:53 PM [vite] (client) hmr update /app/globals.css?direct
9:10:13 PM [vite] (rsc) hmr update /app/globals.css
9:10:13 PM [vite] (client) hmr update /app/globals.css?direct
9:10:33 PM [vite] (rsc) hmr update /app/globals.css
9:10:33 PM [vite] (client) hmr update /app/globals.css?direct
9:11:10 PM [vite] (rsc) hmr update /app/globals.css
9:11:10 PM [vite] (client) hmr update /app/globals.css?direct
9:13:30 PM [vite] (client) hmr update /app/globals.css?direct
9:13:41 PM [vite] (rsc) hmr update /app/globals.css
9:13:41 PM [vite] (client) hmr update /app/globals.css?direct
9:13:48 PM [vite] (rsc) hmr update /app/globals.css
9:13:48 PM [vite] (client) hmr update /app/globals.css?direct
9:14:29 PM [vite] (rsc) hmr update /app/globals.css
9:14:29 PM [vite] (client) hmr update /app/globals.css?direct
9:14:31 PM [vite] (client) hmr update /app/globals.css?direct
9:18:44 PM [vite] (rsc) hmr update /app/globals.css
9:18:44 PM [vite] (client) hmr update /app/globals.css?direct
9:18:53 PM [vite] (rsc) hmr update /app/globals.css
9:18:53 PM [vite] (client) hmr update /app/globals.css?direct
9:19:33 PM [vite] (rsc) hmr update /app/globals.css
9:19:33 PM [vite] (client) hmr update /app/globals.css?direct
9:22:07 PM [vite] (client) hmr update /app/globals.css?direct
9:25:02 PM [vite] (client) hmr update /app/globals.css?direct
9:25:35 PM [vite] (rsc) hmr update /app/globals.css
9:25:35 PM [vite] (client) hmr update /app/globals.css?direct
9:25:49 PM [vite] (rsc) hmr update /app/globals.css
9:25:49 PM [vite] (client) hmr update /app/globals.css?direct
9:25:59 PM [vite] (rsc) hmr update /app/globals.css
9:25:59 PM [vite] (client) hmr update /app/globals.css?direct
9:26:09 PM [vite] (rsc) hmr update /app/globals.css
9:26:09 PM [vite] (client) hmr update /app/globals.css?direct
9:26:59 PM [vite] (rsc) hmr update /app/globals.css
9:26:59 PM [vite] (client) hmr update /app/globals.css?direct
9:29:26 PM [vite] (client) hmr update /app/globals.css?direct
9:31:10 PM [vite] (rsc) hmr update /app/globals.css
9:31:10 PM [vite] (client) hmr update /app/globals.css?direct
9:32:22 PM [vite] (rsc) hmr update /app/globals.css
9:32:22 PM [vite] (client) hmr update /app/globals.css?direct
9:33:37 PM [vite] (rsc) hmr update /app/globals.css
9:33:37 PM [vite] (client) hmr update /app/globals.css?direct
9:34:43 PM [vite] (rsc) hmr update /app/globals.css
9:34:43 PM [vite] (client) hmr update /app/globals.css?direct
9:36:12 PM [vite] (rsc) hmr update /app/globals.css
9:36:12 PM [vite] (client) hmr update /app/globals.css?direct
9:36:54 PM [vite] (rsc) hmr update /app/globals.css
9:36:54 PM [vite] (client) hmr update /app/globals.css?direct
9:37:24 PM [vite] (rsc) hmr update /app/globals.css
9:37:24 PM [vite] (client) hmr update /app/globals.css?direct
9:37:58 PM [vite] (rsc) hmr update /app/globals.css
9:37:58 PM [vite] (client) hmr update /app/globals.css?direct
9:38:58 PM [vite] (client) hmr update /app/globals.css?direct
9:39:21 PM [vite] (rsc) hmr update /app/globals.css
9:39:21 PM [vite] (client) hmr update /app/globals.css?direct
9:40:04 PM [vite] (client) hmr update /app/globals.css?direct
9:40:19 PM [vite] (rsc) hmr update /app/globals.css
9:40:19 PM [vite] (client) hmr update /app/globals.css?direct
9:40:35 PM [vite] (rsc) hmr update /app/globals.css
9:40:35 PM [vite] (client) hmr update /app/globals.css?direct
9:41:14 PM [vite] (rsc) hmr update /app/globals.css
9:41:14 PM [vite] (client) hmr update /app/globals.css?direct
9:45:03 PM [vite] (client) hmr update /app/globals.css?direct
9:45:24 PM [vite] (rsc) hmr update /app/globals.css
9:45:24 PM [vite] (client) hmr update /app/globals.css?direct
9:45:30 PM [vite] (rsc) hmr update /app/globals.css
9:45:30 PM [vite] (client) hmr update /app/globals.css?direct
9:45:42 PM [vite] (rsc) hmr update /app/globals.css
9:45:42 PM [vite] (client) hmr update /app/globals.css?direct
9:46:37 PM [vite] (rsc) hmr update /app/globals.css
9:46:37 PM [vite] (client) hmr update /app/globals.css?direct
9:47:22 PM [vite] (rsc) hmr update /app/globals.css
9:47:22 PM [vite] (client) hmr update /app/globals.css?direct
9:47:53 PM [vite] (rsc) hmr update /app/globals.css
9:47:53 PM [vite] (client) hmr update /app/globals.css?direct
9:48:47 PM [vite] (client) hmr update /app/globals.css?direct
9:57:06 PM [vite] (client) hmr update /app/globals.css?direct
9:57:06 PM [vite] (client) hmr update /app/globals.css?direct
9:58:00 PM [vite] (client) hmr update /app/globals.css?direct
9:58:28 PM [vite] (rsc) hmr update /app/globals.css
9:58:28 PM [vite] (client) hmr update /app/globals.css?direct
9:59:20 PM [vite] (rsc) hmr update /app/globals.css
9:59:20 PM [vite] (client) hmr update /app/globals.css?direct
10:01:08 PM [vite] (rsc) hmr update /app/globals.css
10:01:08 PM [vite] (client) hmr update /app/globals.css?direct
10:08:21 PM [vite] (client) hmr update /app/globals.css?direct
10:10:27 PM [vite] (client) hmr update /app/globals.css?direct
10:10:27 PM [vite] (client) hmr update /app/globals.css?direct
10:16:50 PM [vite] (client) hmr update /app/globals.css?direct
10:16:50 PM [vite] (client) hmr update /app/globals.css?direct
10:19:13 PM [vite] (rsc) hmr update /app/globals.css
10:19:13 PM [vite] (client) hmr update /app/globals.css?direct
10:19:13 PM [vite] (rsc) hmr update /app/globals.css
10:19:13 PM [vite] (client) hmr update /app/globals.css?direct
10:19:53 PM [vite] (client) hmr update /app/globals.css?direct
10:19:53 PM [vite] (client) hmr update /app/globals.css?direct
10:20:53 PM [vite] (client) hmr update /app/globals.css?direct
10:22:15 PM [vite] (client) hmr update /app/globals.css?direct
10:22:15 PM [vite] (client) hmr update /app/globals.css?direct
10:31:36 PM [vite] (client) hmr update /app/globals.css?direct
10:31:36 PM [vite] (client) hmr update /app/globals.css?direct
10:31:36 PM [vite] (client) hmr update /app/globals.css?direct
10:32:13 PM [vite] (client) hmr update /app/globals.css?direct
10:32:54 PM [vite] (rsc) hmr update /app/globals.css
10:32:54 PM [vite] (client) hmr update /app/globals.css?direct
10:34:16 PM [vite] (client) hmr update /app/globals.css?direct
10:34:39 PM [vite] (client) hmr update /app/globals.css?direct
10:35:13 PM [vite] (client) hmr update /app/globals.css?direct
10:35:13 PM [vite] (client) hmr update /app/globals.css?direct
10:38:38 PM [vite] (client) hmr update /app/globals.css?direct
10:38:38 PM [vite] (client) hmr update /app/globals.css?direct
10:38:38 PM [vite] (client) hmr update /app/globals.css?direct
10:38:38 PM [vite] (client) hmr update /app/globals.css?direct
10:38:38 PM [vite] (client) hmr update /app/globals.css?direct
10:38:38 PM [vite] (client) hmr update /app/globals.css?direct
10:38:38 PM [vite] (client) hmr update /app/globals.css?direct
10:38:38 PM [vite] (client) hmr update /app/globals.css?direct
10:38:38 PM [vite] (client) hmr update /app/globals.css?direct
10:38:38 PM [vite] (client) hmr update /app/globals.css?direct
10:38:38 PM [vite] (client) hmr update /app/globals.css?direct
10:38:38 PM [vite] (client) hmr update /app/globals.css?direct
10:38:38 PM [vite] (client) hmr update /app/globals.css?direct
10:38:38 PM [vite] (client) hmr update /app/globals.css?direct
10:39:08 PM [vite] (client) hmr update /app/globals.css?direct
10:39:08 PM [vite] (client) hmr update /app/globals.css?direct
10:39:08 PM [vite] (client) hmr update /app/globals.css?direct
10:39:08 PM [vite] (client) hmr update /app/globals.css?direct
10:39:08 PM [vite] (client) hmr update /app/globals.css?direct
10:39:08 PM [vite] (client) hmr update /app/globals.css?direct
10:39:08 PM [vite] (client) hmr update /app/globals.css?direct
10:39:08 PM [vite] (client) hmr update /app/globals.css?direct
10:39:08 PM [vite] (client) hmr update /app/globals.css?direct
10:39:08 PM [vite] (client) hmr update /app/globals.css?direct
10:39:08 PM [vite] (client) hmr update /app/globals.css?direct
10:39:08 PM [vite] (client) hmr update /app/globals.css?direct
10:39:08 PM [vite] (client) hmr update /app/globals.css?direct
10:39:08 PM [vite] (client) hmr update /app/globals.css?direct
 GET /api/trading-room/cash/baselines?nature=live 200 in 1.1s
 GET /api/trading-room/cash?nature=live&targetCurrency=CNY&today=2026-10-07 200 in 1.1s
