node --test scripts/deploy-source.test.mjs scripts/deploy-native-runtime.test.mjs scripts/deploy-native-toolkit.test.mjs scripts/deploy-native.test.mjs scripts/deploy-native-safety.test.mjs
✔ starts, health-checks, and stops a real detached release process (1248.915966ms)
✔ does not stop or adopt a foreign listener on the configured port (472.983251ms)
✔ refuses to stop a foreign process even when its cwd matches the release (552.933867ms)
✔ rejects a listener that never provides both health endpoints and cleans up (624.979643ms)
✔ health-checks a listener spawned by the detached wrapper process (1103.549617ms)
✔ stops an orphan listener after its wrapper parent exits (1469.559529ms)
✔ startup failure retains a cleanup handle and leaves the port free (653.729774ms)
✔ build runs npm ci and npm run build with production runtime environment (9.293564ms)
✔ build failure is finite and leaves the old service untouched (6.831487ms)
✔ retains build stdout and stderr in the target build log (6.268298ms)
✔ retains failed build diagnostics and refuses symlinked log paths (13.136131ms)
✔ does not stop an active service whose PID is reused with a new start time (93.024297ms)
✔ does not stop an unexpected listener that appears during a build (57.974212ms)
✔ an unhealthy A-to-B release recovers the old service (54.368172ms)
✔ preserves the candidate release when old-service recovery fails (42.000212ms)
✔ post-publication failure recovers service and toolkit while the deployment lock is held (58.584717ms)
✔ down and rollback refuse a held deployment lock before inspecting (15.859314ms)
✔ installs the current toolkit and restores prior control files (85.487152ms)
✔ restores all files after an install failure and leaves the target sentinel (7.464929ms)
✔ installed toolkit resolves its control files from the target deployment (57.354829ms)
✔ rejects symlinked target roots without touching the outsider (4.486955ms)
▶ native deployment CLI
  ✔ parses ref and dry-run options (5.661348ms)
  ✔ dry-run reports selected source and leaves target unchanged (25.095391ms)
  ✔ build failure keeps old service and current release (66.000584ms)
  ✔ dry-run down and rollback never inspect or mutate the target (7.95451ms)
  ✔ rejects malformed and symlink runtime configuration (13.665313ms)
  ✔ refuses to stop a listener without an active release (11.619555ms)
  ✔ rejects ambient runtime overrides for mutating modes (5.601235ms)
  ✔ rejects external current and config symlinks without touching the outsider (15.629087ms)
  ✔ rejects a held deployment lock before inspecting or stopping (10.562246ms)
  ✔ rejects source and target overlap before snapshot or mutation (8.778571ms)
  ✔ rollback failure stops only its candidate handle and leaves a foreign listener alone (16.796917ms)
✔ native deployment CLI (192.024059ms)
✔ current resolves a clean branch and full commit (508.554553ms)
✔ current rejects tracked edits and untracked application files (331.516692ms)
✔ current permits excluded scratch and credential changes (367.547238ms)
✔ detached current reports no branch (428.632766ms)
✔ explicit refs resolve despite dirty worktree and identify a local branch (375.841712ms)
✔ current rejects an application filename whose bytes end in whitespace (263.333541ms)
✔ current rejects dirty edits to tracked build application source (281.551647ms)
✔ current rejects a staged rename from ignored state into application source (390.287551ms)
✔ resolveReleaseSource rejects an injected non-full commit SHA (278.717001ms)
✔ master fetches the current origin master commit (1232.292204ms)
✔ master rejects fetch failure instead of using stale origin master (303.136966ms)
✔ snapshot contains committed bytes and filters application secrets (404.026599ms)
✔ snapshot rejects committed symlinks (377.841059ms)
ℹ tests 45
ℹ suites 1
ℹ pass 45
ℹ fail 0
ℹ cancelled 0
ℹ skipped 0
ℹ todo 0
ℹ duration_ms 6444.325172
