node --test scripts/native-environment.test.mjs scripts/deploy-source.test.mjs scripts/deploy-native-runtime.test.mjs scripts/deploy-native-toolkit.test.mjs scripts/deploy-native.test.mjs scripts/deploy-native-safety.test.mjs
✔ starts, health-checks, and stops a real detached release process (1319.930437ms)
✔ does not stop or adopt a foreign listener on the configured port (489.243503ms)
✔ refuses to stop a foreign process even when its cwd matches the release (550.169805ms)
✔ rejects a listener that never provides both health endpoints and cleans up (609.49793ms)
✔ health-checks a listener spawned by the detached wrapper process (1072.597311ms)
✔ stops an orphan listener after its wrapper parent exits (1514.499643ms)
✔ startup failure retains a cleanup handle and leaves the port free (799.578569ms)
✔ build runs npm ci and npm run build with production runtime environment (8.505078ms)
✔ build failure is finite and leaves the old service untouched (8.018786ms)
✔ rejects a mismatched runtime before build or log side effects (5.285884ms)
✔ rejects a mismatched runtime before service inspection or start (4.703032ms)
✔ retains build stdout and stderr in the target build log (7.223986ms)
✔ retains failed build diagnostics and refuses symlinked log paths (12.142609ms)
✔ does not stop an active service whose PID is reused with a new start time (144.645848ms)
✔ does not stop an unexpected listener that appears during a build (94.747343ms)
✔ an unhealthy A-to-B release recovers the old service (71.509065ms)
✔ preserves the candidate release when old-service recovery fails (59.967349ms)
✔ post-publication failure recovers service and toolkit while the deployment lock is held (62.275944ms)
✔ down and rollback refuse a held deployment lock before inspecting (18.298331ms)
✔ installs the current toolkit and restores prior control files (125.162951ms)
✔ restores all files after an install failure and leaves the target sentinel (12.773695ms)
✔ installed toolkit resolves its control files from the target deployment (100.312508ms)
✔ rejects symlinked target roots without touching the outsider (5.681471ms)
✔ rejects hard-linked toolkit destinations without touching the outside inode (37.054941ms)
▶ native deployment CLI
  ✔ parses ref and dry-run options (7.92178ms)
  ✔ dry-run reports selected source and leaves target unchanged (37.890804ms)
  ✔ rejects a runtime mismatch before source resolution or target filesystem writes (10.570098ms)
  ✔ status marks a foreign listener runtime unknown and preserves legacy metadata unknown (14.549579ms)
  ✔ build failure keeps old service and current release (110.86226ms)
  ✔ dry-run down and rollback never inspect or mutate the target (13.568099ms)
  ✔ rejects malformed and symlink runtime configuration (13.098797ms)
  ✔ refuses to stop a listener without an active release (16.162697ms)
  ✔ rejects ambient runtime overrides for mutating modes (5.554165ms)
  ✔ rejects external current and config symlinks without touching the outsider (22.955063ms)
  ✔ rejects a held deployment lock before inspecting or stopping (11.992962ms)
  ✔ rejects source and target overlap before snapshot or mutation (8.498659ms)
  ✔ rollback failure stops only its candidate handle and leaves a foreign listener alone (20.133039ms)
✔ native deployment CLI (300.042124ms)
✔ current resolves a clean branch and full commit (589.396397ms)
✔ current rejects tracked edits and untracked application files (376.087443ms)
✔ current permits excluded scratch and credential changes (351.002603ms)
✔ detached current reports no branch (419.64527ms)
✔ explicit refs resolve despite dirty worktree and identify a local branch (370.689721ms)
✔ current rejects an application filename whose bytes end in whitespace (266.104553ms)
✔ current rejects dirty edits to tracked build application source (252.041656ms)
✔ current rejects a staged rename from ignored state into application source (381.35565ms)
✔ resolveReleaseSource rejects an injected non-full commit SHA (233.594861ms)
✔ master fetches the current origin master commit (1228.689149ms)
✔ master rejects fetch failure instead of using stale origin master (331.442891ms)
✔ snapshot contains committed bytes and filters application secrets (410.313584ms)
✔ snapshot rejects committed symlinks (402.867094ms)
✔ accepts the pinned native runtime and reports measured values (8.390915ms)
✔ rejects a runtime mismatch synchronously (2.971337ms)
✔ rejects missing and malformed profiles without fallback values (8.101658ms)
✔ source profile matches the pinned Node and built-in SQLite versions (0.662853ms)
ℹ tests 54
ℹ suites 1
ℹ pass 54
ℹ fail 0
ℹ cancelled 0
ℹ skipped 0
ℹ todo 0
ℹ duration_ms 6736.101138
