node --test scripts/native-environment.test.mjs scripts/deploy-source.test.mjs scripts/deploy-native-runtime.test.mjs scripts/deploy-native-toolkit.test.mjs scripts/deploy-native.test.mjs scripts/deploy-native-safety.test.mjs
✔ starts, health-checks, and stops a real detached release process (1487.140223ms)
✔ does not stop or adopt a foreign listener on the configured port (573.929378ms)
✔ refuses to stop a foreign process even when its cwd matches the release (822.966049ms)
✔ rejects a listener that never provides both health endpoints and cleans up (781.579128ms)
✔ health-checks a listener spawned by the detached wrapper process (1539.764152ms)
✔ rejects a healthy listener when its wrapper exits before first health (2018.985198ms)
✔ stops an orphan listener after its wrapper parent exits (2659.888743ms)
✔ startup failure retains a cleanup handle and leaves the port free (645.540266ms)
✔ never stops a same-command replacement after a null startup identity (534.180428ms)
✔ build runs npm ci and npm run build with production runtime environment (11.926081ms)
✔ build failure is finite and leaves the old service untouched (10.790223ms)
✔ rejects a mismatched runtime before build or log side effects (5.470512ms)
✔ rejects a mismatched runtime before service inspection or start (4.550546ms)
✔ retains build stdout and stderr in the target build log (9.069237ms)
✔ retains failed build diagnostics and refuses symlinked log paths (27.421315ms)
✔ does not stop an active service whose PID is reused with a new start time (206.310178ms)
✔ does not stop an unexpected listener that appears during a build (99.832849ms)
✔ an unhealthy A-to-B release recovers the old service (106.541256ms)
✔ preserves the candidate release when old-service recovery fails (95.665429ms)
✔ post-publication failure recovers service and toolkit while the deployment lock is held (136.201142ms)
✔ down and rollback refuse a held deployment lock before inspecting (20.848297ms)
✔ installs the current toolkit and restores prior control files (188.901743ms)
✔ restores all files after an install failure and leaves the target sentinel (20.493416ms)
✔ installed toolkit resolves its control files from the target deployment (91.140133ms)
✔ rejects symlinked target roots without touching the outsider (4.008662ms)
✔ rejects a symlinked target parent before canonicalization (6.42271ms)
✔ rejects hard-linked toolkit destinations without touching the outside inode (31.169427ms)
▶ native deployment CLI
  ✔ parses ref and dry-run options (6.22331ms)
  ✔ dry-run reports selected source and leaves target unchanged (62.105288ms)
  ✔ rejects a runtime mismatch before source resolution or target filesystem writes (25.700862ms)
  ✔ status marks a foreign listener runtime unknown and preserves legacy metadata unknown (16.603912ms)
  ✔ build failure keeps old service and current release (119.854598ms)
  ✔ dry-run down and rollback never inspect or mutate the target (11.918502ms)
  ✔ rejects malformed and symlink runtime configuration (14.26257ms)
  ✔ refuses to stop a listener without an active release (19.690048ms)
  ✔ rejects ambient runtime overrides for mutating modes (5.994212ms)
  ✔ rejects external current and config symlinks without touching the outsider (28.075708ms)
  ✔ rejects a held deployment lock before inspecting or stopping (21.286143ms)
  ✔ rejects source and target overlap before snapshot or mutation (13.214838ms)
  ✔ rollback failure stops only its candidate handle and leaves a foreign listener alone (34.671479ms)
✔ native deployment CLI (386.175451ms)
✔ current resolves a clean branch and full commit (745.763833ms)
✔ current rejects tracked edits and untracked application files (450.692937ms)
✔ current permits excluded scratch and credential changes (395.875645ms)
✔ detached current reports no branch (575.141701ms)
✔ explicit refs resolve despite dirty worktree and identify a local branch (592.678959ms)
✔ current rejects an application filename whose bytes end in whitespace (329.711205ms)
✔ current rejects dirty edits to tracked build application source (442.052067ms)
✔ current rejects a staged rename from ignored state into application source (666.724496ms)
✔ resolveReleaseSource rejects an injected non-full commit SHA (374.098912ms)
✔ master fetches the current origin master commit (1853.398083ms)
✔ master rejects fetch failure instead of using stale origin master (537.602012ms)
✔ snapshot contains committed bytes and filters application secrets (684.012776ms)
✔ snapshot rejects committed symlinks (538.10776ms)
✔ accepts the pinned native runtime and reports measured values (9.423863ms)
✔ rejects a runtime mismatch synchronously (1.832161ms)
✔ rejects missing and malformed profiles without fallback values (5.682891ms)
✔ source profile matches the pinned Node and built-in SQLite versions (0.526968ms)
ℹ tests 57
ℹ suites 1
ℹ pass 57
ℹ fail 0
ℹ cancelled 0
ℹ skipped 0
ℹ todo 0
ℹ duration_ms 11551.306874
